Test for the module print_square
=====================================
Testing the documentation
>>> print_square = __import__("4-print_square").print_square

>>> module_doc = __import__("4-print_square").__doc__
>>> len(module_doc) > 0
True
>>> func_doc = print_square.__doc__
>>> len(func_doc) > 0
True

=====================================
Testing with different values passed to the print_square function
>>> print_square(4)
####
####
####
####

>>> print_square(0)
>>> print_square(-3)
Traceback (most recent call last):
  ...
ValueError: size must be >= 0

>>> print_square(2.3)
Traceback (most recent call last):
  ...
TypeError: size must be an integer

>>> print_square(float('inf'))
Traceback (most recent call last):
  ...
TypeError: size must be an integer

>>> print_square(None)
Traceback (most recent call last):
  ...
TypeError: size must be an integer

>>> print_square()
Traceback (most recent call last):
  ...
TypeError: print_square() missing 1 required positional argument: 'size'
